[hostalsolzamora.com/index.html]
[backblue.gif]
[fade.gif]
[index.html]
[hostalsolzamora.com/feed]
[hostalsolzamora.com/comments/feed]
[hostalsolzamora.com/wp-json/oembed/1.0/embed7e80.json]
[hostalsolzamora.com/wp-json/oembed/1.0/embed48c8]
[hostalsolzamora.com/wp-content/cache/minify/a5ff7.css]
[hostalsolzamora.com/wp-content/cache/minify/8fc9c.css]
[hostalsolzamora.com/wp-content/cache/minify/4c431.css]
[hostalsolzamora.com/wp-content/cache/minify/38519.css]
[use.fontawesome.com/releases/v5.15.4/css/all.css]
[hostalsolzamora.com/wp-content/cache/minify/751aa.css]
[hostalsolzamora.com/wp-content/cache/minify/15215.css]
[hostalsolzamora.com/wp-content/cache/minify/be0de.css]
[hostalsolzamora.com/wp-content/cache/minify/1b4bd.css]
[use.fontawesome.com/releases/v5.15.4/css/v4-shims.css]
[hostalsolzamora.com/wp-content/cache/minify/14f78.css]
[hostalsolzamora.com/wp-content/cache/minify/2917c.js]
[hostalsolzamora.com/wp-content/cache/minify/c899e.js]
[hostalsolzamora.com/wp-content/cache/minify/cabb0.js]
[hostalsolzamora.com/wp-json/wp/v2/pages/21.json]
[hostalsolzamora.com/wp-json/index.html]
[hostalsolzamora.com/xmlrpc0db0.php]
[hostalsolzamora.com/wp-content/uploads/2022/03/cropped-Logotipos-HS-74-32x32.png]
[hostalsolzamora.com/wp-content/uploads/2022/03/cropped-Logotipos-HS-74-192x192.png]
[hostalsolzamora.com/wp-content/uploads/2022/03/cropped-Logotipos-HS-74-180x180.png]
[hostalsolzamora.com/wp-content/uploads/2022/03/header-opacidad-09-scaled5b0f.webp]
[hostalsolzamora.com/wp-content/uploads/2022/03/vertical-e1646224212133.png]
[hostalsolzamora.com/wp-content/uploads/2022/03/ilustracion-web-48.svg]
[hostalsolzamora.com/wp-content/cache/minify/49d2f.css]
[hostalsolzamora.com/wp-content/uploads/2022/03/Logotipo-header_Mesa-de-trabajo-1-copia.svg]
[hostalsolzamora.com/reserva.html]
[hostalsolzamora.com/habitaciones.html]
[hostalsolzamora.com/parking.html]
[hostalsolzamora.com/sobre-nosotros-cercania.html]
[hostalsolzamora.com/contacto.html]
[hostalsolzamora.com/ifeza.html]
[hostalsolzamora.com/wp-content/uploads/2022/03/ilustracion-2.png]
[hostalsolzamora.com/wp-content/uploads/2022/03/imagen-qs-1024x1024.webp]
[hostalsolzamora.com/wp-content/uploads/2022/03/ilustracion-1-300x300.png]
[hostalsolzamora.com/politica-de-cookies-ue.html]
[hostalsolzamora.com/terminos-y-condiciones.html]
[hostalsolzamora.com/wp-content/uploads/2022/03/isotipo-1024x1024.png]
[hostalsolzamora.com/POST]
[hostalsolzamora.com/href]
[hostalsolzamora.com/document.location.href]
[hostalsolzamora.com/wp-content/plugins/independent-analytics/iawp-click-endpoint.html]
[hostalsolzamora.com/wp-content/uploads/2022/03/logotipo-cuadrado.png]
[hostalsolzamora.com/wp-content/cache/minify/501dc.js]
[hostalsolzamora.com/wp-content/cache/minify/1f540.js]
[hostalsolzamora.com/wp-content/cache/minify/9f6b1.js]
[hostalsolzamora.com/wp-content/cache/minify/27129.js]
[hostalsolzamora.com/wp-content/cache/minify/bbf8f.js]
[hostalsolzamora.com/wp-content/cache/minify/69faf.js]
[hostalsolzamora.com/index.html]
[hostalsolzamora.com/wp-content/cache/minify/a5ff7.css]
[hostalsolzamora.com/wp-content/cache/minify/8fc9c.css]
[hostalsolzamora.com/wp-content/cache/minify/4c431.css]
[hostalsolzamora.com/wp-content/cache/minify/38519.css]
[use.fontawesome.com/releases/v5.15.4/css/all.css]
[widget.siteminder.com/ibe.min.js]
[hostalsolzamora.com/wp-content/plugins/js_composer/assets/vc/alert.png]
[hostalsolzamora.com/wp-content/plugins/js_composer/assets/vc/info.png]
[hostalsolzamora.com/wp-content/plugins/js_composer/assets/vc/tick.png]
[hostalsolzamora.com/wp-content/plugins/js_composer/assets/vc/exclamation.png]
[hostalsolzamora.com/wp-content/plugins/js_composer/assets/images/icons/address-book.png]
[hostalsolzamora.com/wp-content/plugins/js_composer/assets/images/icons/alarm-clock.png]
[hostalsolzamora.com/wp-content/plugins/js_composer/assets/images/icons/anchor.png]
[hostalsolzamora.com/wp-content/plugins/js_composer/assets/images/icons/application-image.png]
[hostalsolzamora.com/wp-content/plugins/js_composer/assets/images/icons/arrow.png]
[hostalsolzamora.com/wp-content/plugins/js_composer/assets/images/icons/asterisk.png]
[hostalsolzamora.com/wp-content/plugins/js_composer/assets/images/icons/auction-hammer.png]
[hostalsolzamora.com/wp-content/plugins/js_composer/assets/images/icons/balloon.png]
[hostalsolzamora.com/wp-content/plugins/js_composer/assets/images/icons/balloon-buzz.png]
[hostalsolzamora.com/wp-content/plugins/js_composer/assets/images/icons/balloon-facebook.png]
[hostalsolzamora.com/wp-content/plugins/js_composer/assets/images/icons/balloon-twitter.png]
[hostalsolzamora.com/wp-content/plugins/js_composer/assets/images/icons/battery-full.png]
[hostalsolzamora.com/wp-content/plugins/js_composer/assets/images/icons/binocular.png]
[hostalsolzamora.com/wp-content/plugins/js_composer/assets/images/icons/blue-document-excel.png]
[hostalsolzamora.com/wp-content/plugins/js_composer/assets/images/icons/blue-document-image.png]
[hostalsolzamora.com/wp-content/plugins/js_composer/assets/images/icons/blue-document-music.png]
[hostalsolzamora.com/wp-content/plugins/js_composer/assets/images/icons/blue-document-office.png]
[hostalsolzamora.com/wp-content/plugins/js_composer/assets/images/icons/blue-document-pdf.png]
[hostalsolzamora.com/wp-content/plugins/js_composer/assets/images/icons/blue-document-powerpoint.png]
[hostalsolzamora.com/wp-content/plugins/js_composer/assets/images/icons/blue-document-word.png]
[hostalsolzamora.com/wp-content/plugins/js_composer/assets/images/icons/bookmark.png]
[hostalsolzamora.com/wp-content/plugins/js_composer/assets/images/icons/camcorder.png]
[hostalsolzamora.com/wp-content/plugins/js_composer/assets/images/icons/camera.png]
[hostalsolzamora.com/wp-content/plugins/js_composer/assets/images/icons/chart.png]
[hostalsolzamora.com/wp-content/plugins/js_composer/assets/images/icons/chart-pie.png]
[hostalsolzamora.com/wp-content/plugins/js_composer/assets/images/icons/clock.png]
[hostalsolzamora.com/wp-content/plugins/js_composer/assets/images/icons/control.png]
[hostalsolzamora.com/wp-content/plugins/js_composer/assets/images/icons/fire.png]
[hostalsolzamora.com/wp-content/plugins/js_composer/assets/images/icons/heart.png]
[hostalsolzamora.com/wp-content/plugins/js_composer/assets/images/icons/mail.png]
[hostalsolzamora.com/wp-content/plugins/js_composer/assets/images/icons/plus-shield.png]
[hostalsolzamora.com/wp-content/plugins/js_composer/assets/images/icons/video.png]
[hostalsolzamora.com/wp-content/plugins/js_composer/assets/fonts/vc_icons_v2/fonts/vcpb-plugin-iconsb82a.eot]
[hostalsolzamora.com/wp-content/plugins/js_composer/assets/fonts/vc_icons_v2/fonts/vcpb-plugin-iconsb82a.ttf]
[hostalsolzamora.com/wp-content/plugins/js_composer/assets/fonts/vc_icons_v2/fonts/vcpb-plugin-iconsb82a.woff]
[hostalsolzamora.com/wp-content/plugins/js_composer/assets/fonts/vc_icons_v2/fonts/vcpb-plugin-iconsb82a.svg]
[hostalsolzamora.com/wp-content/plugins/js_composer/assets/images/toggle_open.png]
[hostalsolzamora.com/wp-content/plugins/js_composer/assets/images/toggle_close.png]
[hostalsolzamora.com/wp-content/plugins/js_composer/assets/images/flickr.png]
[hostalsolzamora.com/wp-content/plugins/js_composer/assets/vc/blur.svg]
[hostalsolzamora.com/wp-content/plugins/js_composer/assets/fonts/vc_grid/vc_grid_v157a1.eot]
[hostalsolzamora.com/wp-content/plugins/js_composer/assets/fonts/vc_grid/vc_grid_v1d41d.eot]
[hostalsolzamora.com/wp-content/plugins/js_composer/assets/fonts/vc_grid/vc_grid_v157a1.woff]
[hostalsolzamora.com/wp-content/plugins/js_composer/assets/fonts/vc_grid/vc_grid_v157a1.ttf]
[hostalsolzamora.com/wp-content/plugins/js_composer/assets/fonts/vc_grid/vc_grid_v157a1.svg]
[hostalsolzamora.com/wp-content/plugins/js_composer/assets/images/spinner.gif]
[hostalsolzamora.com/wp-content/plugins/js_composer/assets/vc/remove.png]
[hostalsolzamora.com/wp-content/themes/jevelin/css/fonts/glyphicons-halflings-regular.eot]
[hostalsolzamora.com/wp-content/themes/jevelin/css/fonts/glyphicons-halflings-regulard41d.eot]
[hostalsolzamora.com/wp-content/themes/jevelin/css/fonts/glyphicons-halflings-regular.woff2]
[hostalsolzamora.com/wp-content/themes/jevelin/css/fonts/glyphicons-halflings-regular.woff]
[hostalsolzamora.com/wp-content/themes/jevelin/css/fonts/glyphicons-halflings-regular.ttf]
[hostalsolzamora.com/wp-content/themes/jevelin/css/fonts/glyphicons-halflings-regular.svg]
[hostalsolzamora.com/wp-content/themes/jevelin/fonts/lightcaseeead.eot]
[hostalsolzamora.com/wp-content/themes/jevelin/fonts/lightcaseeead.woff]
[hostalsolzamora.com/wp-content/themes/jevelin/fonts/lightcaseeead.ttf]
[hostalsolzamora.com/wp-content/themes/jevelin/fonts/lightcaseeead.svg]
[hostalsolzamora.com/wp-content/themes/jevelin/fonts/Pe-icon-7-stroke.eot]
[hostalsolzamora.com/wp-content/themes/jevelin/fonts/Pe-icon-7-stroke.woff]
[hostalsolzamora.com/wp-content/themes/jevelin/fonts/Pe-icon-7-stroke.ttf]
[hostalsolzamora.com/wp-content/themes/jevelin/fonts/Pe-icon-7-stroke.svg]
[hostalsolzamora.com/wp-content/themes/jevelin/fonts/Simple-Line-Icons8d5a.eot]
[hostalsolzamora.com/wp-content/themes/jevelin/fonts/Simple-Line-Icons8d5a.woff2]
[hostalsolzamora.com/wp-content/themes/jevelin/fonts/Simple-Line-Icons8d5a.ttf]
[hostalsolzamora.com/wp-content/themes/jevelin/fonts/Simple-Line-Icons8d5a.woff]
[hostalsolzamora.com/wp-content/themes/jevelin/fonts/Simple-Line-Icons8d5a.svg]
[hostalsolzamora.com/wp-content/themes/jevelin/fonts/themify.eot]
[hostalsolzamora.com/wp-content/themes/jevelin/fonts/themify.woff]
[hostalsolzamora.com/wp-content/themes/jevelin/fonts/themify.ttf]
[hostalsolzamora.com/wp-content/themes/jevelin/fonts/themify.svg]
[hostalsolzamora.com/wp-content/themes/jevelin/fonts/Shufflehound-Icons62dd.eot]
[hostalsolzamora.com/wp-content/themes/jevelin/fonts/Shufflehound-Icons62dd.ttf]
[hostalsolzamora.com/wp-content/themes/jevelin/fonts/Shufflehound-Icons62dd.woff]
[hostalsolzamora.com/wp-content/themes/jevelin/fonts/Shufflehound-Icons62dd.svg]
[hostalsolzamora.com/wp-content/cache/minify/751aa.css]
[hostalsolzamora.com/wp-content/themes/jevelin/img/new.png]
[hostalsolzamora.com/wp-content/cache/minify/15215.css]
[hostalsolzamora.com/wp-content/themes/jevelin/assets/plugins/font-awesome-4/fonts/fontawesome-webfont3e6e.eot]
[hostalsolzamora.com/wp-content/themes/jevelin/assets/plugins/font-awesome-4/fonts/fontawesome-webfontd41d.eot]
[hostalsolzamora.com/wp-content/themes/jevelin/assets/plugins/font-awesome-4/fonts/fontawesome-webfont3e6e.woff2]
[hostalsolzamora.com/wp-content/themes/jevelin/assets/plugins/font-awesome-4/fonts/fontawesome-webfont3e6e.woff]
[hostalsolzamora.com/wp-content/themes/jevelin/assets/plugins/font-awesome-4/fonts/fontawesome-webfont3e6e.ttf]
[hostalsolzamora.com/wp-content/cache/minify/be0de.css]
[hostalsolzamora.com/wp-content/themes/jevelin/assets/plugins/font-awesome-4/fonts/fontawesome-webfont3e6e.svg]
[hostalsolzamora.com/wp-content/themes/jevelin-child/fonts/avegasroyale_regular-webfont.woff2]
[hostalsolzamora.com/wp-content/themes/jevelin-child/fonts/avegasroyale_regular-webfont.woff]
[hostalsolzamora.com/wp-content/themes/jevelin-child/fonts/gothamlight-webfont.woff2]
[hostalsolzamora.com/wp-content/themes/jevelin-child/fonts/gothamlight-webfont.woff]
[hostalsolzamora.com/wp-content/themes/jevelin-child/fonts/gotham-webfont.woff2]
[hostalsolzamora.com/wp-content/themes/jevelin-child/fonts/gotham-webfont.woff]
[hostalsolzamora.com/wp-content/themes/jevelin-child/fonts/gothammedium-webfont.woff2]
[hostalsolzamora.com/wp-content/cache/minify/1b4bd.css]
[hostalsolzamora.com/wp-content/themes/jevelin-child/fonts/gothammedium-webfont.woff]
[use.fontawesome.com/releases/v5.15.4/css/v4-shims.css]
[hostalsolzamora.com/wp-content/cache/minify/14f78.css]
[hostalsolzamora.com/GET]
[hostalsolzamora.com/wp-content/cache/minify/2917c.js]
[player.vimeo.com/api/player.js]
[hostalsolzamora.com/this.config.iconUrl,window.location]
[hostalsolzamora.com/e[0].thumbnail_large]
[hostalsolzamora.com/default.jpg]
[hostalsolzamora.com/e.tagUrl]
[hostalsolzamora.com/e]
[hostalsolzamora.com/wp-content/cache/minify/c899e.js]
[hostalsolzamora.com/wp-content/cache/minify/cabb0.js]
[hostalsolzamora.com/wp-content/uploads/2022/03/ilustracion-web-48.svg]
[hostalsolzamora.com/wp-content/cache/minify/49d2f.css]
[hostalsolzamora.com/wp-content/uploads/2022/03/Logotipo-header_Mesa-de-trabajo-1-copia.svg]
[hostalsolzamora.com/wp-json/oembed/1.0/embedc033.json]
[hostalsolzamora.com/wp-json/oembed/1.0/embed7e4d]
[hostalsolzamora.com/wp-json/wp/v2/pages/28.json]
[hostalsolzamora.com/wp-content/cache/minify/a5e3e.css]
[hostalsolzamora.com/wp-content/cache/minify/4407c.js]
[hostalsolzamora.com/wp-content/cache/minify/4b6b3.js]
[hostalsolzamora.com/reserva.html]
[hostalsolzamora.com/wp-json/oembed/1.0/embed1161.json]
[hostalsolzamora.com/wp-json/oembed/1.0/embedc654]
[hostalsolzamora.com/wp-json/wp/v2/pages/24.json]
[hostalsolzamora.com/wp-content/uploads/2022/03/nuestras-habitaciones-scaled.jpg]
[hostalsolzamora.com/wp-content/cache/minify/1717b.css]
[hostalsolzamora.com/_poster/index.html]
[hostalsolzamora.com/_{{src}}/__]
[hostalsolzamora.com/_src/index.html]
[hostalsolzamora.com/wp-content/uploads/2022/03/303-escalera.jpg]
[hostalsolzamora.com/wp-content/uploads/2022/03/310.jpg]
[hostalsolzamora.com/wp-content/uploads/2022/03/Pasillo-1-2.jpg]
[hostalsolzamora.com/wp-content/uploads/2022/03/Recepcion-2-retocada.jpg]
[hostalsolzamora.com/wp-content/uploads/2022/03/312.jpg]
[hostalsolzamora.com/wp-content/uploads/2023/04/Habitaciones_2023-2-769x1024.jpg]
[hostalsolzamora.com/wp-content/uploads/2023/04/Habitaciones_2023-3-1024x769.jpg]
[hostalsolzamora.com/wp-content/uploads/2023/04/Habitaciones_2023-4-769x1024.jpg]
[hostalsolzamora.com/wp-content/uploads/2023/04/Habitaciones_2023-5-769x1024.jpg]
[hostalsolzamora.com/wp-content/uploads/2023/04/Habitaciones_2023-6-769x1024.jpg]
[hostalsolzamora.com/wp-content/uploads/2023/04/Habitaciones_2023-7-768x1024.jpg]
[hostalsolzamora.com/wp-content/uploads/2023/04/Habitaciones_2023-8-1024x769.jpg]
[hostalsolzamora.com/wp-content/uploads/2023/04/Habitaciones_2023-9-1024x769.jpg]
[hostalsolzamora.com/wp-content/uploads/2023/04/Habitaciones_2023-10-769x1024.jpg]
[hostalsolzamora.com/wp-content/uploads/2023/04/Habitaciones_2023-11-768x1024.jpg]
[hostalsolzamora.com/wp-content/uploads/2023/04/Habitaciones_2023-12-769x1024.jpg]
[hostalsolzamora.com/wp-content/uploads/2023/04/Habitaciones_2023-13-769x1024.jpg]
[hostalsolzamora.com/wp-content/uploads/2023/04/Habitaciones_2023-14-1024x769.jpg]
[hostalsolzamora.com/wp-content/uploads/2023/04/Habitaciones_2023-15-1024x769.jpg]
[hostalsolzamora.com/wp-content/uploads/2023/04/Habitaciones_2023-16-1024x768.jpg]
[hostalsolzamora.com/wp-content/uploads/2023/04/Habitaciones_2023-17-769x1024.jpg]
[hostalsolzamora.com/wp-content/uploads/2023/04/Habitaciones_2023-18-1024x769.jpg]
[hostalsolzamora.com/wp-content/uploads/2023/04/Habitaciones_2023-19-1024x769.jpg]
[hostalsolzamora.com/wp-content/uploads/2023/04/Habitaciones_2023-20-769x1024.jpg]
[hostalsolzamora.com/wp-content/uploads/2023/04/Habitaciones_2023-21-769x1024.jpg]
[hostalsolzamora.com/wp-content/uploads/2023/04/Habitaciones_2023-22-1024x768.jpg]
[hostalsolzamora.com/wp-content/uploads/2023/04/Habitaciones_2023-23-1024x769.jpg]
[hostalsolzamora.com/wp-content/uploads/2023/04/Habitaciones_2023-24-1024x769.jpg]
[hostalsolzamora.com/wp-content/uploads/2023/04/Habitaciones_2023-25-769x1024.jpg]
[hostalsolzamora.com/wp-content/uploads/2023/04/Habitaciones_2023-26-769x1024.jpg]
[hostalsolzamora.com/wp-content/uploads/2023/04/Habitaciones_2023-27-1024x769.jpg]
[hostalsolzamora.com/wp-content/uploads/2023/04/Habitaciones_2023-28-768x1024.jpg]
[hostalsolzamora.com/wp-content/uploads/2023/04/Habitaciones_2023-29-769x1024.jpg]
[hostalsolzamora.com/wp-content/uploads/2023/04/Habitaciones_2023-30-769x1024.jpg]
[hostalsolzamora.com/wp-content/uploads/2023/04/Habitaciones_2023-31-1024x769.jpg]
[hostalsolzamora.com/wp-content/uploads/2023/04/Habitaciones_2023-32-1024x769.jpg]
[hostalsolzamora.com/wp-content/uploads/2023/04/Habitaciones_2023-33-1024x768.jpg]
[hostalsolzamora.com/wp-content/uploads/2023/04/Habitaciones_2023-34-1024x769.jpg]
[hostalsolzamora.com/wp-content/uploads/2023/04/Habitaciones_2023-35-769x1024.jpg]
[hostalsolzamora.com/wp-content/uploads/2023/04/Habitaciones_2023-36-769x1024.jpg]
[hostalsolzamora.com/wp-content/uploads/2023/04/Habitaciones_2023-37-769x1024.jpg]
[hostalsolzamora.com/wp-content/uploads/2023/04/Habitaciones_2023-38-768x1024.jpg]
[hostalsolzamora.com/wp-content/uploads/2023/04/Habitaciones_2023-39-1024x768.jpg]
[hostalsolzamora.com/wp-content/uploads/2023/04/Habitaciones_2023-40-1024x768.jpg]
[hostalsolzamora.com/wp-content/uploads/2023/04/Habitaciones_2023-41-1024x769.jpg]
[hostalsolzamora.com/wp-content/uploads/2023/04/Habitaciones_2023-42-1024x769.jpg]
[hostalsolzamora.com/wp-content/uploads/2023/04/Habitaciones_2023-43-769x1024.jpg]
[hostalsolzamora.com/wp-content/uploads/2023/04/Habitaciones_2023-44-769x1024.jpg]
[hostalsolzamora.com/wp-content/uploads/2023/04/Habitaciones_2023-45-1024x768.jpg]
[hostalsolzamora.com/wp-content/uploads/2023/04/Habitaciones_2023-46-1024x769.jpg]
[hostalsolzamora.com/wp-content/uploads/2023/04/Habitaciones_2023-47-1024x769.jpg]
[hostalsolzamora.com/wp-content/uploads/2023/04/Habitaciones_2023-48-1024x769.jpg]
[hostalsolzamora.com/wp-content/uploads/2023/04/Habitaciones_2023-49-769x1024.jpg]
[hostalsolzamora.com/wp-content/uploads/2023/04/Habitaciones_2023-50-1024x768.jpg]
[hostalsolzamora.com/wp-content/uploads/2023/04/Habitaciones_2023-51-768x1024.jpg]
[hostalsolzamora.com/wp-content/uploads/2023/04/Habitaciones_2023-52-1024x769.jpg]
[hostalsolzamora.com/wp-content/uploads/2023/04/Habitaciones_2023-53-1024x769.jpg]
[hostalsolzamora.com/wp-content/uploads/2023/04/Habitaciones_2023-54-769x1024.jpg]
[hostalsolzamora.com/wp-content/uploads/2023/04/Habitaciones_2023-55-769x1024.jpg]
[hostalsolzamora.com/wp-content/uploads/2023/04/Habitaciones_2023-56-769x1024.jpg]
[hostalsolzamora.com/wp-content/uploads/2023/04/Habitaciones_2023-57-769x1024.jpg]
[hostalsolzamora.com/wp-content/uploads/2023/04/Habitaciones_2023-58-769x1024.jpg]
[hostalsolzamora.com/wp-content/uploads/2023/04/Habitaciones_2023-59-1024x768.jpg]
[hostalsolzamora.com/wp-content/uploads/2023/04/Habitaciones_2023-60-768x1024.jpg]
[hostalsolzamora.com/wp-content/uploads/2023/04/Habitaciones_2023-61-1024x769.jpg]
[hostalsolzamora.com/wp-content/uploads/2023/04/Habitaciones_2023-62-769x1024.jpg]
[hostalsolzamora.com/wp-content/uploads/2023/04/Habitaciones_2023-63-769x1024.jpg]
[hostalsolzamora.com/wp-content/uploads/2023/04/Habitaciones_2023-64-1024x768.jpg]
[hostalsolzamora.com/wp-content/uploads/2023/04/Habitaciones_2023-65-1024x769.jpg]
[hostalsolzamora.com/wp-content/uploads/2023/04/Habitaciones_2023-66-1024x769.jpg]
[hostalsolzamora.com/wp-content/uploads/2023/04/Habitaciones_2023-67-1024x769.jpg]
[hostalsolzamora.com/wp-content/uploads/2023/04/Habitaciones_2023-68-1024x769.jpg]
[hostalsolzamora.com/wp-content/uploads/2023/04/Habitaciones_2023-69-768x1024.jpg]
[hostalsolzamora.com/wp-content/uploads/2023/04/Habitaciones_2023-70-768x1024.jpg]
[hostalsolzamora.com/wp-content/uploads/2023/04/Habitaciones_2023-72-1024x768.jpg]
[hostalsolzamora.com/wp-content/uploads/2023/04/Habitaciones_2023-73-1024x769.jpg]
[hostalsolzamora.com/wp-content/uploads/2023/04/Habitaciones_2023-74-1024x769.jpg]
[hostalsolzamora.com/wp-content/uploads/2023/04/Habitaciones_2023-75-1024x769.jpg]
[hostalsolzamora.com/wp-content/uploads/2023/04/Habitaciones_2023-77-769x1024.jpg]
[hostalsolzamora.com/wp-content/uploads/2023/04/Habitaciones_2023-76-769x1024.jpg]
[hostalsolzamora.com/wp-content/uploads/2023/04/Habitaciones_2023-78-769x1024.jpg]
[hostalsolzamora.com/wp-content/uploads/2023/04/Habitaciones_2023-79-1024x769.jpg]
[hostalsolzamora.com/wp-content/uploads/2023/04/Habitaciones_2023-80-1024x769.jpg]
[hostalsolzamora.com/wp-content/uploads/2023/04/Habitaciones_2023-81-1024x769.jpg]
[hostalsolzamora.com/wp-content/uploads/2023/04/Habitaciones_2023-82-769x1024.jpg]
[hostalsolzamora.com/wp-content/uploads/2023/04/Habitaciones_2023-83-769x1024.jpg]
[hostalsolzamora.com/wp-content/uploads/2023/04/Habitaciones_2023-84-769x1024.jpg]
[hostalsolzamora.com/wp-content/uploads/2023/04/Habitaciones_2023-86-1024x768.jpg]
[hostalsolzamora.com/wp-content/uploads/2023/04/Habitaciones_2023-87-1024x768.jpg]
[hostalsolzamora.com/wp-content/uploads/2023/04/Habitaciones_2023-88-769x1024.jpg]
[hostalsolzamora.com/wp-content/uploads/2023/04/Habitaciones_2023-89-1024x769.jpg]
[hostalsolzamora.com/wp-content/uploads/2023/04/Habitaciones_2023-90-769x1024.jpg]
[hostalsolzamora.com/wp-content/uploads/2023/04/Habitaciones_2023-91-1024x769.jpg]
[hostalsolzamora.com/wp-content/uploads/2023/04/Habitaciones_2023-92-1024x768.jpg]
[hostalsolzamora.com/wp-content/uploads/2023/04/Habitaciones_2023-93-1024x769.jpg]
[hostalsolzamora.com/wp-content/uploads/2023/04/Habitaciones_2023-94-1024x769.jpg]
[hostalsolzamora.com/wp-content/uploads/2023/04/Habitaciones_2023-95-1024x769.jpg]
[hostalsolzamora.com/wp-content/uploads/2023/04/Habitaciones_2023-96-1024x769.jpg]
[hostalsolzamora.com/wp-content/uploads/2023/04/Habitaciones_2023-97-769x1024.jpg]
[hostalsolzamora.com/wp-content/uploads/2023/04/Habitaciones_2023-1-769x1024.jpg]
[hostalsolzamora.com/wp-content/cache/minify/42501.js]
[hostalsolzamora.com/wp-content/cache/minify/7f891.js]
[hostalsolzamora.com/habitaciones.html]
[hostalsolzamora.com/wp-content/cache/minify/a3a88.js]
[cdn-icons-png.flaticon.com/256/2702/2702604.png]
[hostalsolzamora.com/wp-json/oembed/1.0/embedf2c3.json]
[hostalsolzamora.com/wp-json/oembed/1.0/embed10f0]
[hostalsolzamora.com/wp-json/wp/v2/pages/512.json]
[hostalsolzamora.com/parking.html]
[hostalsolzamora.com/wp-json/oembed/1.0/embed0f4c.json]
[hostalsolzamora.com/wp-json/oembed/1.0/embed2476]
[hostalsolzamora.com/wp-json/wp/v2/pages/26.json]
[hostalsolzamora.com/wp-content/uploads/2022/03/img-web-HS-12-scaled.webp]
[hostalsolzamora.com/sobre-nosotros-cercania.html]
[hostalsolzamora.com/wp-content/uploads/2022/03/img-web-HS-13-scaled.webp]
[hostalsolzamora.com/wp-json/oembed/1.0/embedf9e3.json]
[hostalsolzamora.com/wp-json/oembed/1.0/embeda292]
[hostalsolzamora.com/wp-json/wp/v2/pages/30.json]
[hostalsolzamora.com/wp-content/uploads/2022/03/logo-con-opacidad-157x300.png]
[hostalsolzamora.com/wp-content/uploads/2022/03/WhatsApp-Image-2022-03-16-at-11.55.47.jpg]
[hostalsolzamora.com/aviso-legal.html]
[hostalsolzamora.com/parking/embed.html]
[hostalsolzamora.com/wp-content/cache/minify/8aeba.js]
[www.google.com/recaptcha/apide34.js]
[hostalsolzamora.com/wp-content/cache/minify/35d8e.js]
[hostalsolzamora.com/wp-content/cache/minify/b9305.js]
[hostalsolzamora.com/contacto.html]
[hostalsolzamora.com/wp-json/oembed/1.0/embed3908.json]
[hostalsolzamora.com/wp-json/oembed/1.0/embedfbf6]
[hostalsolzamora.com/wp-json/wp/v2/pages/662.json]
[hostalsolzamora.com/ifeza.html]
[hostalsolzamora.com/wp-json/oembed/1.0/embed3077.json]
[hostalsolzamora.com/wp-json/oembed/1.0/embedf015]
[hostalsolzamora.com/wp-content/cache/minify/55007.css]
[hostalsolzamora.com/wp-content/cache/minify/fd18d.css]
[hostalsolzamora.com/wp-json/wp/v2/pages/128.json]
[hostalsolzamora.com/politica-de-cookies-ue.html]
[hostalsolzamora.com/wp-json/oembed/1.0/embedecb4.json]
[hostalsolzamora.com/wp-json/oembed/1.0/embed957a]
[hostalsolzamora.com/wp-json/wp/v2/pages/131.json]
[hostalsolzamora.com/wp-content/plugins/complianz-terms-conditions/terminos-y-condiciones.pdf]
[hostalsolzamora.com/terminos-y-condiciones.html]
[hostalsolzamora.com/POST.html]
[hostalsolzamora.com/href.html]
[hostalsolzamora.com/document.location.html]
[hostalsolzamora.com/wp-content/plugins/independent-analytics/iawp-click-endpoint.html]
[hostalsolzamora.com/wp-json/iawp/search.json]
[hostalsolzamora.com/wp-content/cache/minify/501dc.js]
[hostalsolzamora.com/wp-content/cache/minify/1f540.js]
[hostalsolzamora.com/Popover requires tooltip.js]
[hostalsolzamora.com/wp-content/cache/minify/9f6b1.js]
[hostalsolzamora.com/+http_/www.google.com/bot.html]
[hostalsolzamora.com/placeholder.jpg]
[hostalsolzamora.com/window.location.href]
[hostalsolzamora.com/wp-content/cache/minify/27129.js]
[apis.google.com/js/plusone.js]
[assets.pinterest.com/js/pinit.js]
[hostalsolzamora.com/wp-content/cache/minify/bbf8f.js]
[hostalsolzamora.com/wp-content/cache/minify/69faf.js]
[hostalsolzamora.com/wp-content/plugins/js_composer/assets/fonts/vc_icons_v2/fonts/vcpb-plugin-iconsb82a.svg]
[hostalsolzamora.com/wp-content/plugins/js_composer/assets/vc/blur.svg]
[hostalsolzamora.com/wp-content/plugins/js_composer/assets/fonts/vc_grid/vc_grid_v157a1.svg]
[hostalsolzamora.com/wp-content/themes/jevelin/css/fonts/glyphicons-halflings-regular.html]
[hostalsolzamora.com/wp-content/themes/jevelin/css/fonts/glyphicons-halflings-regulard41d.html]
[hostalsolzamora.com/wp-content/themes/jevelin/css/fonts/glyphicons-halflings-regular-2.html]
[hostalsolzamora.com/wp-content/themes/jevelin/css/fonts/glyphicons-halflings-regular-3.html]
[hostalsolzamora.com/wp-content/themes/jevelin/css/fonts/glyphicons-halflings-regular-4.html]
[hostalsolzamora.com/wp-content/themes/jevelin/css/fonts/glyphicons-halflings-regular-5.html]
[hostalsolzamora.com/wp-content/themes/jevelin/fonts/lightcaseeead.svg]
[hostalsolzamora.com/wp-content/themes/jevelin/fonts/Pe-icon-7-stroke.svg]
[hostalsolzamora.com/wp-content/themes/jevelin/fonts/Simple-Line-Icons8d5a.svg]
[hostalsolzamora.com/wp-content/themes/jevelin/fonts/themify.svg]
[hostalsolzamora.com/wp-content/themes/jevelin/fonts/Shufflehound-Icons62dd.svg]
[hostalsolzamora.com/wp-content/themes/jevelin/assets/plugins/font-awesome-4/fonts/fontawesome-webfont3e6e.svg]
[hostalsolzamora.com/GET.html]
[hostalsolzamora.com/this.config.iconUrl,window.html]
[hostalsolzamora.com/e[0].html]
[hostalsolzamora.com/default.html]
[hostalsolzamora.com/e.html]
[hostalsolzamora.com/e-2.html]
[hostalsolzamora.com/index3c55.html]
[hostalsolzamora.com/wp-content/cache/minify/a5e3e.css]
[hostalsolzamora.com/wp-content/cache/minify/4407c.js]
[hostalsolzamora.com/wp-content/cache/minify/4b6b3.js]
[hostalsolzamora.com/index2cf9.html]
[hostalsolzamora.com/wp-content/cache/minify/1717b.css]
[hostalsolzamora.com/_poster/index.html]
[hostalsolzamora.com/_src/index.html]
[hostalsolzamora.com/_{{src}}/__.html]
[hostalsolzamora.com/wp-content/cache/minify/7f891.js]
[hostalsolzamora.com/wp-content/cache/minify/42501.js]
[hostalsolzamora.com/n]
[hostalsolzamora.com/d]
[hostalsolzamora.com/wp-content/cache/minify/a3a88.js]
[hostalsolzamora.com/indexb87d.html]
[hostalsolzamora.com/index88b9.html]
[hostalsolzamora.com/index5643.html]
[hostalsolzamora.com/wp-json/oembed/1.0/embed57ac.json]
[hostalsolzamora.com/wp-json/oembed/1.0/embedc0ad]
[hostalsolzamora.com/wp-json/wp/v2/pages/75.json]
[hostalsolzamora.com/aviso-legal.html]
[hostalsolzamora.com/parking/embed.html]
[hostalsolzamora.com/wp-content/cache/minify/8aeba.js]
[hostalsolzamora.com/t.141.delayed]
[hostalsolzamora.com/wp-content/cache/minify/35d8e.js]
[hostalsolzamora.com/wp-content/cache/minify/b9305.js]
[hostalsolzamora.com/indexfc9a.html]
[hostalsolzamora.com/wp-content/plugins/complianz-gdpr/assets/images/chevron-down.svg]
[hostalsolzamora.com/wp-content/cache/minify/55007.css]
[hostalsolzamora.com/wp-content/cache/minify/fd18d.css]
[hostalsolzamora.com/index913e.html]
[hostalsolzamora.com/indexd52d.html]
[hostalsolzamora.com/contact/index.html]
[hostalsolzamora.com/Popover requires tooltip.html]
[hostalsolzamora.com/+http_/www.google.com/bot.html]
[hostalsolzamora.com/placeholder.html]
[hostalsolzamora.com/window.location.html]
[hostalsolzamora.com/n.html]
[hostalsolzamora.com/d.html]
[hostalsolzamora.com/indexe839.html]
[hostalsolzamora.com/t.html]
[hostalsolzamora.com/wp-content/plugins/complianz-gdpr/assets/images/chevron-down.svg]
